---
source: crates/monkey-lang/src/parsing/tests.rs
expression: actual
input_file: crates/monkey-lang/src/parsing/snapshots/parser/ok/expr.mk

---
Ok(
    File {
        stmts: [
            Expr(
                StmtExpr {
                    expr: Infix(
                        ExprInfix {
                            lhs: Infix(
                                ExprInfix {
                                    lhs: Lit(
                                        Num(
                                            LitNum {
                                                num: Number {
                                                    token: Token {
                                                        span: Span {
                                                            start: 0,
                                                            end: 1,
                                                        },
                                                        kind: Number,
                                                        text: "1",
                                                    },
                                                },
                                                value: 1.0,
                                            },
                                        ),
                                    ),
                                    token: Token {
                                        span: Span {
                                            start: 2,
                                            end: 3,
                                        },
                                        kind: Plus,
                                        text: "+",
                                    },
                                    op: Add,
                                    rhs: Lit(
                                        Num(
                                            LitNum {
                                                num: Number {
                                                    token: Token {
                                                        span: Span {
                                                            start: 4,
                                                            end: 5,
                                                        },
                                                        kind: Number,
                                                        text: "1",
                                                    },
                                                },
                                                value: 1.0,
                                            },
                                        ),
                                    ),
                                },
                            ),
                            token: Token {
                                span: Span {
                                    start: 6,
                                    end: 7,
                                },
                                kind: Plus,
                                text: "+",
                            },
                            op: Add,
                            rhs: Lit(
                                Num(
                                    LitNum {
                                        num: Number {
                                            token: Token {
                                                span: Span {
                                                    start: 8,
                                                    end: 9,
                                                },
                                                kind: Number,
                                                text: "1",
                                            },
                                        },
                                        value: 1.0,
                                    },
                                ),
                            ),
                        },
                    ),
                    semi: Semicolon {
                        token: Token {
                            span: Span {
                                start: 9,
                                end: 10,
                            },
                            kind: Semicolon,
                            text: ";",
                        },
                    },
                },
            ),
            Expr(
                StmtExpr {
                    expr: Infix(
                        ExprInfix {
                            lhs: Infix(
                                ExprInfix {
                                    lhs: Lit(
                                        Num(
                                            LitNum {
                                                num: Number {
                                                    token: Token {
                                                        span: Span {
                                                            start: 11,
                                                            end: 12,
                                                        },
                                                        kind: Number,
                                                        text: "1",
                                                    },
                                                },
                                                value: 1.0,
                                            },
                                        ),
                                    ),
                                    token: Token {
                                        span: Span {
                                            start: 13,
                                            end: 14,
                                        },
                                        kind: Minus,
                                        text: "-",
                                    },
                                    op: Sub,
                                    rhs: Lit(
                                        Num(
                                            LitNum {
                                                num: Number {
                                                    token: Token {
                                                        span: Span {
                                                            start: 15,
                                                            end: 19,
                                                        },
                                                        kind: Number,
                                                        text: "3134",
                                                    },
                                                },
                                                value: 3134.0,
                                            },
                                        ),
                                    ),
                                },
                            ),
                            token: Token {
                                span: Span {
                                    start: 20,
                                    end: 21,
                                },
                                kind: Plus,
                                text: "+",
                            },
                            op: Add,
                            rhs: Lit(
                                Num(
                                    LitNum {
                                        num: Number {
                                            token: Token {
                                                span: Span {
                                                    start: 22,
                                                    end: 25,
                                                },
                                                kind: Number,
                                                text: "134",
                                            },
                                        },
                                        value: 134.0,
                                    },
                                ),
                            ),
                        },
                    ),
                    semi: Semicolon {
                        token: Token {
                            span: Span {
                                start: 25,
                                end: 26,
                            },
                            kind: Semicolon,
                            text: ";",
                        },
                    },
                },
            ),
            Expr(
                StmtExpr {
                    expr: Infix(
                        ExprInfix {
                            lhs: Infix(
                                ExprInfix {
                                    lhs: Infix(
                                        ExprInfix {
                                            lhs: Lit(
                                                Num(
                                                    LitNum {
                                                        num: Number {
                                                            token: Token {
                                                                span: Span {
                                                                    start: 27,
                                                                    end: 30,
                                                                },
                                                                kind: Number,
                                                                text: "123",
                                                            },
                                                        },
                                                        value: 123.0,
                                                    },
                                                ),
                                            ),
                                            token: Token {
                                                span: Span {
                                                    start: 31,
                                                    end: 32,
                                                },
                                                kind: Asterisk,
                                                text: "*",
                                            },
                                            op: Mul,
                                            rhs: Lit(
                                                Num(
                                                    LitNum {
                                                        num: Number {
                                                            token: Token {
                                                                span: Span {
                                                                    start: 33,
                                                                    end: 37,
                                                                },
                                                                kind: Number,
                                                                text: "2341",
                                                            },
                                                        },
                                                        value: 2341.0,
                                                    },
                                                ),
                                            ),
                                        },
                                    ),
                                    token: Token {
                                        span: Span {
                                            start: 38,
                                            end: 39,
                                        },
                                        kind: Minus,
                                        text: "-",
                                    },
                                    op: Sub,
                                    rhs: Lit(
                                        Num(
                                            LitNum {
                                                num: Number {
                                                    token: Token {
                                                        span: Span {
                                                            start: 40,
                                                            end: 43,
                                                        },
                                                        kind: Number,
                                                        text: "234",
                                                    },
                                                },
                                                value: 234.0,
                                            },
                                        ),
                                    ),
                                },
                            ),
                            token: Token {
                                span: Span {
                                    start: 44,
                                    end: 45,
                                },
                                kind: Plus,
                                text: "+",
                            },
                            op: Add,
                            rhs: Lit(
                                Num(
                                    LitNum {
                                        num: Number {
                                            token: Token {
                                                span: Span {
                                                    start: 46,
                                                    end: 49,
                                                },
                                                kind: Number,
                                                text: "134",
                                            },
                                        },
                                        value: 134.0,
                                    },
                                ),
                            ),
                        },
                    ),
                    semi: Semicolon {
                        token: Token {
                            span: Span {
                                start: 49,
                                end: 50,
                            },
                            kind: Semicolon,
                            text: ";",
                        },
                    },
                },
            ),
            Expr(
                StmtExpr {
                    expr: Infix(
                        ExprInfix {
                            lhs: Lit(
                                Num(
                                    LitNum {
                                        num: Number {
                                            token: Token {
                                                span: Span {
                                                    start: 51,
                                                    end: 53,
                                                },
                                                kind: Number,
                                                text: "34",
                                            },
                                        },
                                        value: 34.0,
                                    },
                                ),
                            ),
                            token: Token {
                                span: Span {
                                    start: 54,
                                    end: 55,
                                },
                                kind: Plus,
                                text: "+",
                            },
                            op: Add,
                            rhs: Infix(
                                ExprInfix {
                                    lhs: Lit(
                                        Num(
                                            LitNum {
                                                num: Number {
                                                    token: Token {
                                                        span: Span {
                                                            start: 56,
                                                            end: 60,
                                                        },
                                                        kind: Number,
                                                        text: "1324",
                                                    },
                                                },
                                                value: 1324.0,
                                            },
                                        ),
                                    ),
                                    token: Token {
                                        span: Span {
                                            start: 61,
                                            end: 62,
                                        },
                                        kind: Asterisk,
                                        text: "*",
                                    },
                                    op: Mul,
                                    rhs: Lit(
                                        Num(
                                            LitNum {
                                                num: Number {
                                                    token: Token {
                                                        span: Span {
                                                            start: 63,
                                                            end: 66,
                                                        },
                                                        kind: Number,
                                                        text: "443",
                                                    },
                                                },
                                                value: 443.0,
                                            },
                                        ),
                                    ),
                                },
                            ),
                        },
                    ),
                    semi: Semicolon {
                        token: Token {
                            span: Span {
                                start: 66,
                                end: 67,
                            },
                            kind: Semicolon,
                            text: ";",
                        },
                    },
                },
            ),
            Expr(
                StmtExpr {
                    expr: Infix(
                        ExprInfix {
                            lhs: Lit(
                                Num(
                                    LitNum {
                                        num: Number {
                                            token: Token {
                                                span: Span {
                                                    start: 68,
                                                    end: 70,
                                                },
                                                kind: Number,
                                                text: "34",
                                            },
                                        },
                                        value: 34.0,
                                    },
                                ),
                            ),
                            token: Token {
                                span: Span {
                                    start: 71,
                                    end: 72,
                                },
                                kind: Asterisk,
                                text: "*",
                            },
                            op: Mul,
                            rhs: Infix(
                                ExprInfix {
                                    lhs: Lit(
                                        Num(
                                            LitNum {
                                                num: Number {
                                                    token: Token {
                                                        span: Span {
                                                            start: 74,
                                                            end: 76,
                                                        },
                                                        kind: Number,
                                                        text: "48",
                                                    },
                                                },
                                                value: 48.0,
                                            },
                                        ),
                                    ),
                                    token: Token {
                                        span: Span {
                                            start: 77,
                                            end: 78,
                                        },
                                        kind: Plus,
                                        text: "+",
                                    },
                                    op: Add,
                                    rhs: Lit(
                                        Num(
                                            LitNum {
                                                num: Number {
                                                    token: Token {
                                                        span: Span {
                                                            start: 79,
                                                            end: 80,
                                                        },
                                                        kind: Number,
                                                        text: "3",
                                                    },
                                                },
                                                value: 3.0,
                                            },
                                        ),
                                    ),
                                },
                            ),
                        },
                    ),
                    semi: Semicolon {
                        token: Token {
                            span: Span {
                                start: 81,
                                end: 82,
                            },
                            kind: Semicolon,
                            text: ";",
                        },
                    },
                },
            ),
        ],
    },
)
