---
source: crates/monkey-lang/src/parsing/lexer.rs
expression: "Lexer::new(&input).lex_until_eof()"

---
[
    Ok(
        Token {
            span: Span {
                start: 0,
                end: 3,
            },
            kind: KwLet,
            text: "let",
        },
    ),
    Ok(
        Token {
            span: Span {
                start: 4,
                end: 5,
            },
            kind: Ident,
            text: "s",
        },
    ),
    Ok(
        Token {
            span: Span {
                start: 6,
                end: 7,
            },
            kind: Eq,
            text: "=",
        },
    ),
    Ok(
        Token {
            span: Span {
                start: 8,
                end: 21,
            },
            kind: String,
            text: "\"long string\"",
        },
    ),
    Ok(
        Token {
            span: Span {
                start: 21,
                end: 22,
            },
            kind: Semicolon,
            text: ";",
        },
    ),
]
